<?xml version="1.0" encoding="UTF-8" standalone="no"?>
<epp xmlns="urn:ietf:params:xml:ns:epp-1.0" xmlns:xsi="http://www.w3.org/2001/XMLSchema-instance" xsi:schemaLocation="urn:ietf:params:xml:ns:epp-1.0 epp-1.0.xsd">
  <command>
    <update>
      <domain:update xmlns:domain="urn:ietf:params:xml:ns:domain-1.0" xsi:schemaLocation="urn:ietf:params:xml:ns:domain-1.0 domain-1.0.xsd">
        <domain:name>example.com</domain:name>
        <domain:chg>
          <domain:registrant>R0001</domain:registrant>
          <domain:authInfo>
            <domain:pw>AUTH12-!DSRTG</domain:pw>
          </domain:authInfo>
        </domain:chg>
      </domain:update>
    </update>
  </command>
</epp>
