<?xml version="1.0" encoding="UTF-8" standalone="no"?>
<epp xmlns="urn:ietf:params:xml:ns:epp-1.0" xmlns:xsi="http://www.w3.org/2001/XMLSchema-instance" xsi:schemaLocation="urn:ietf:params:xml:ns:epp-1.0 epp-1.0.xsd">
  <command>
    <update>
      <domain:update xmlns:domain="urn:ietf:params:xml:ns:domain-1.0" xsi:schemaLocation="urn:ietf:params:xml:ns:domain-1.0 domain-1.0.xsd">
        <domain:name>example.com</domain:name>
      </domain:update>
    </update>
    <extension>
      <secDNS:update xmlns:secDNS="urn:ietf:params:xml:ns:secDNS-1.1">
        <secDNS:add>
          <secDNS:dsData>
            <secDNS:keyTag>9657</secDNS:keyTag>
            <secDNS:alg>3</secDNS:alg>
            <secDNS:digestType>1</secDNS:digestType>
            <secDNS:digest>4347d0f8ba661234a8eadc005e2e1d1b646c9682</secDNS:digest>
          </secDNS:dsData>
        </secDNS:add>
        <secDNS:rem>
          <secDNS:dsData>
            <secDNS:keyTag>1685</secDNS:keyTag>
            <secDNS:alg>3</secDNS:alg>
            <secDNS:digestType>1</secDNS:digestType>
            <secDNS:digest>4347d0f8ba661234a8eadc005e2e1d1b646c9682</secDNS:digest>
          </secDNS:dsData>
        </secDNS:rem>
      </secDNS:update>
    </extension>
  </command>
</epp>
