<?xml version="1.0" encoding="UTF-8" standalone="no"?>
<epp xmlns="urn:ietf:params:xml:ns:epp-1.0" xmlns:xsi="http://www.w3.org/2001/XMLSchema-instance" xsi:schemaLocation="urn:ietf:params:xml:ns:epp-1.0 epp-1.0.xsd">
  <command>
    <update>
      <domain:update xmlns:domain="urn:ietf:params:xml:ns:domain-1.0" xsi:schemaLocation="urn:ietf:params:xml:ns:domain-1.0 domain-1.0.xsd">
        <domain:name>example.com</domain:name>
        <domain:add>
          <domain:contact type="admin">AAA1</domain:contact>
          <domain:contact type="tech">TTT1</domain:contact>
        </domain:add>
        <domain:rem>
          <domain:contact type="admin">AAA2</domain:contact>
          <domain:contact type="tech">TTT2</domain:contact>
        </domain:rem>
      </domain:update>
    </update>
  </command>
</epp>
