<?xml version='1.0' encoding='UTF-8' standalone='no'?><epp xsi:schemaLocation='urn:ietf:params:xml:ns:epp-1.0 epp-1.0.xsd' xmlns='urn:ietf:params:xml:ns:epp-1.0' xmlns:xsi='http://www.w3.org/2001/XMLSchema-instance'><command><create><domain:create xmlns:domain='urn:ietf:params:xml:ns:domain-1.0' xsi:schemaLocation='urn:ietf:params:xml:ns:domain-1.0 domain-1.0.xsd'><domain:name>architest.it</domain:name><domain:ns><domain:hostAttr><domain:hostName>ns.test.it</domain:hostName><domain:hostAddr ip='v4'>192.168.100.10</domain:hostAddr></domain:hostAttr><domain:hostAttr><domain:hostName>ns2.test.it</domain:hostName><domain:hostAddr ip='v4'>192.168.100.20</domain:hostAddr></domain:hostAttr><domain:hostAttr><domain:hostName>ns3.foo.com</domain:hostName></domain:hostAttr></domain:ns><domain:registrant>RRR12</domain:registrant><domain:contact type='admin'>AAAA12</domain:contact><domain:contact type='tech'>TTT12</domain:contact><domain:authInfo><domain:pw>WWW-test-it</domain:pw></domain:authInfo></domain:create></create></command></epp>